
> @workspace/web@0.1.0 build /Users/priyanshukesharwani/Desktop/WEB DEVELOPMWNT/Backend/smart-expense-tracker/apps/web
> next build

▲ Next.js 16.2.12 (Turbopack)

  Creating an optimized production build ...
✓ Compiled successfully in 1911ms
  Running TypeScript ...
It looks like you're trying to use TypeScript but do not have the required package(s) installed.
Installing dependencies

If you are not trying to use TypeScript, please remove the tsconfig.json file from your package root (and any TypeScript files in your app and pages directories).


Installing devDependencies (pnpm):
- @types/react
- @types/node

../..                                    |  WARN  `node_modules` is present. Lockfile only installation will make it out-of-date
../..                                    | Progress: resolved 1, reused 0, downloaded 0, added 0
../..                                    | Progress: resolved 335, reused 0, downloaded 0, added 0
../..                                    | Progress: resolved 441, reused 0, downloaded 0, added 0, done

devDependencies:
+ @types/node 26.1.2
+ @types/react 19.2.18

../..                                    |   +4 +
Done in 2.1s


  We detected TypeScript in your project and reconfigured your tsconfig.json file for you. Strict-mode is set to false by default.
  The following suggested values were added to your tsconfig.json. These values can be changed to fit your project's needs:

  	- target was set to ES2017 (For top-level `await`. Note: Next.js only polyfills for the esmodules target.)
  	- lib was set to dom,dom.iterable,esnext
  	- allowJs was set to true
  	- skipLibCheck was set to true
  	- strict was set to false
  	- noEmit was set to true
  	- incremental was set to true
  	- include was updated to add '.next/types/**/*.ts'
  	- include was updated to add '.next/dev/types/**/*.ts'
  	- plugins was updated to add { name: 'next' }

  The following mandatory changes were made to your tsconfig.json:

  	- module was set to esnext (for dynamic import() support)
  	- esModuleInterop was set to true (requirement for SWC / babel)
  	- moduleResolution was set to bundler (to match modern bundler resolution)
  	- resolveJsonModule was set to true (to match webpack resolution)
  	- isolatedModules was set to true (requirement for SWC / Babel)
  	- jsx was set to react-jsx (next.js uses the React automatic runtime)

  Finished TypeScript in 4.4s ...
  Collecting page data using 7 workers ...
  Generating static pages using 7 workers (0/8) ...
  Generating static pages using 7 workers (2/8) 
  Generating static pages using 7 workers (4/8) 
  Generating static pages using 7 workers (6/8) 
✓ Generating static pages using 7 workers (8/8) in 129ms
  Finalizing page optimization ...

Route (app)
┌ ○ /
├ ○ /_not-found
├ ƒ /api/expenses
├ ƒ /api/expenses/[id]
├ ƒ /api/expenses/total
├ ○ /contacts
└ ○ /dashboard


○  (Static)   prerendered as static content
ƒ  (Dynamic)  server-rendered on demand

